// Vitest Snapshot v1, https://vitest.dev/guide/snapshot.html

exports[`TestCardVue > renders correctly 1`] = `
"<div class=\\"bg-gray-100 rounded-lg shadow-lg p-6\\">
  <h2 class=\\"text-xl font-semibold text-gray-800 mb-4\\">Test Title</h2>
  <p class=\\"text-gray-600 mb-4\\">Test Description</p>
  <div class=\\"flex justify-between items-center\\"><span class=\\"text-sm text-gray-500\\">5 respostas</span>
    <div><button class=\\"bg-blue-500 hover:bg-blue-600 text-white py-2 px-4 rounded mr-2\\"> Minhas respostas </button><button class=\\"bg-green-500 hover:bg-green-600 text-white py-2 px-4 rounded mt-2\\"> Responder </button></div>
  </div>
</div>"
`;
